{
  "classes" : [

  ],
  "enums" : [
    {
      "cases" : [
        {
          "associatedValues" : [

          ],
          "name" : "north"
        },
        {
          "associatedValues" : [

          ],
          "name" : "south"
        },
        {
          "associatedValues" : [

          ],
          "name" : "east"
        },
        {
          "associatedValues" : [

          ],
          "name" : "west"
        }
      ],
      "name" : "Direction",
      "swiftCallName" : "Direction"
    },
    {
      "cases" : [
        {
          "associatedValues" : [

          ],
          "name" : "loading"
        },
        {
          "associatedValues" : [

          ],
          "name" : "success"
        },
        {
          "associatedValues" : [

          ],
          "name" : "error"
        }
      ],
      "name" : "Status",
      "swiftCallName" : "Status"
    }
  ],
  "functions" : [
    {
      "abiName" : "bjs_setDirection",
      "effects" : {
        "isAsync" : false,
        "isThrows" : false
      },
      "name" : "setDirection",
      "parameters" : [
        {
          "label" : "_",
          "name" : "direction",
          "type" : {
            "caseEnum" : {
              "_0" : "Direction"
            }
          }
        }
      ],
      "returnType" : {
        "void" : {

        }
      }
    },
    {
      "abiName" : "bjs_getDirection",
      "effects" : {
        "isAsync" : false,
        "isThrows" : false
      },
      "name" : "getDirection",
      "parameters" : [

      ],
      "returnType" : {
        "caseEnum" : {
          "_0" : "Direction"
        }
      }
    },
    {
      "abiName" : "bjs_processDirection",
      "effects" : {
        "isAsync" : false,
        "isThrows" : false
      },
      "name" : "processDirection",
      "parameters" : [
        {
          "label" : "_",
          "name" : "input",
          "type" : {
            "caseEnum" : {
              "_0" : "Direction"
            }
          }
        }
      ],
      "returnType" : {
        "caseEnum" : {
          "_0" : "Status"
        }
      }
    }
  ],
  "moduleName" : "TestModule"
}